Saving Node3 full logs...
==========================================
Node3 Full Logs - Пт 14 ноя 2025 17:01:11 UTC
==========================================

================================================
Starting Tinc Node: node3
Network: testvpn
QUIC Support: yes
================================================

=== Tinc Configuration ===
# Node3 - VLESS+Reality+QUIC Client
Name = node3
Port = 443
DeviceType = tun
Interface = tinc0
Mode = router

# Connect to node1
ConnectTo = node1

# QUIC Transport (NEW!)
TransportMode = quic

# VLESS Configuration (disabled for QUIC mode - QUIC provides encryption)
# VLESSMode = yes
# VLESSUUID = a1b2c3d4-e5f6-7890-abcd-ef1234567890

# Reality Configuration (disabled for QUIC mode)
# VLESSReality = yes
# VLESSRealityDest = www.google.com
# VLESSRealityDestPort = 443
# VLESSRealityServerName = www.google.com
# VLESSRealityPrivateKey = 0123456789abcdef0123456789abcdef0123456789abcdef0123456789abcdef
# VLESSRealityPublicKey = fedcba9876543210fedcba9876543210fedcba9876543210fedcba9876543210
# VLESSRealityShortID = 0123456789abcdef
# VLESSRealityFingerprint = random

# Network settings
PingInterval = 10
PingTimeout = 5
AutoConnect = yes
# TCPonly = yes  # Disabled for QUIC mode
==========================

=== Available Host Files ===
total 20
drwxr-xr-x 2 root root 4096 Nov 14 14:57 .
drwxr-xr-x 3 root root 4096 Nov 14 14:57 ..
-rw-r--r-- 1 root root  597 Nov 14 14:57 node1
-rw-r--r-- 1 root root  597 Nov 14 14:57 node2
-rw-r--r-- 1 root root  480 Nov 14 14:57 node3
============================

TLS certificate already exists: /etc/tinc/testvpn/quic-cert.pem

=== QUIC Configuration ===
Certificate: /etc/tinc/testvpn/quic-cert.pem
Private Key: /etc/tinc/testvpn/quic-key.pem
==========================

=== MsQuic Library Info ===
	libmsquic.so.2 (libc6,x86-64) => /lib/libmsquic.so.2
	libmsquic.so (libc6,x86-64) => /lib/libmsquic.so
MsQuic library loaded successfully
============================

Starting tincd with network: testvpn
Debug level: 5 (maximum verbosity for QUIC debugging)

tincd UNKNOWN (Nov 14 2025 17:00:50) starting, debug level 5
QUIC transport mode enabled
/dev/net/tun is a Linux tun/tap device (tun mode)
Skipping traditional TCP/UDP listeners (QUIC transport mode)
Unable to create any listening socket!
QUIC transport layer shut down
Executing script tinc-down
RTNETLINK answers: No such process
Error: ipv4: Address not found.
Node3 VPN interface down
Terminating
