Extracting Node1 QUIC logs...
==========================================
Node1 QUIC Logs - Пт 14 ноя 2025 17:01:10 UTC
==========================================

=== QUIC Initialization & Handshake ===
QUIC Support: yes
# Node1 - Main VLESS+Reality+QUIC Server
# QUIC Transport (NEW!)
# VLESS Configuration (disabled for QUIC mode - QUIC provides encryption)
# Reality Configuration (disabled for QUIC mode)
# TCPonly = yes  # Disabled for QUIC mode
=== QUIC Configuration ===
=== MsQuic Library Info ===
	libmsquic.so.2 (libc6,x86-64) => /lib/libmsquic.so.2
	libmsquic.so (libc6,x86-64) => /lib/libmsquic.so
MsQuic library loaded successfully
Debug level: 5 (maximum verbosity for QUIC debugging)
QUIC transport mode enabled
Skipping traditional TCP/UDP listeners (QUIC transport mode)
QUIC transport layer shut down
